[backblue.gif]
[fade.gif]
[index.html]
[gooberlicious.co.uk/files/3813/9984/1711/favicon.ico]
[gooberlicious.co.uk/files/4013/9984/1785/ifavicon.png]
[gooberlicious.co.uk/files/5615/0447/0249/fb-og.jpg]
[gooberlicious.co.uk/files/1013/9156/3485/logo.png]
[gooberlicious.co.uk/files/6713/9116/3866/client_dhl.png]
[gooberlicious.co.uk/files/3113/9116/3867/client_wb.png]
[gooberlicious.co.uk/files/1613/9116/3867/client_yahoo.png]
[gooberlicious.co.uk/files/3613/9116/3867/client_fidelity.png]
[gooberlicious.co.uk/files/4613/9116/3867/client_jpmorgan.png]
[gooberlicious.co.uk/files/9413/9116/3866/client_axa.png]
[gooberlicious.co.uk/files/8713/9116/3867/client_momentum.png]
[gooberlicious.co.uk/files/2413/9116/3866/client_baa.png]
[gooberlicious.co.uk/files/5813/9116/3866/client_bayer.png]
[gooberlicious.co.uk/files/1814/9911/6182/amplified-cover.jpg]
[gooberlicious.co.uk/files/1914/9911/6159/geoffsenior-cover.jpg]
[gooberlicious.co.uk/files/8414/7748/9645/treehouse_thumbnail.jpg]
[gooberlicious.co.uk/files/4614/7792/5749/peacock2016_thumb.jpg]
[gooberlicious.co.uk/files/3313/9748/7064/thumbnail_yahoo_movie.jpg]
[gooberlicious.co.uk/files/7913/9202/4334/thumbnail_simonamstell.jpg]
[gooberlicious.co.uk/files/3713/9756/1333/thumbnail_mojo.jpg]
[gooberlicious.co.uk/files/7514/7749/2494/bayer_thumbnail.jpg]
[gooberlicious.co.uk/files/2513/9117/1063/thumbnail_redbox.jpg]
[gooberlicious.co.uk/files/9913/9964/4082/thumbnail_eden.jpg]
[gooberlicious.co.uk/files/6313/9964/6238/thumbnail_tigerwishing.jpg]
[gooberlicious.co.uk/files/1413/9179/5530/thumbnail_brandculture.jpg]
[gooberlicious.co.uk/files/9514/1053/4034/thumbnail_blissful.jpg]
[gooberlicious.co.uk/files/8417/2541/3717/gooberlicious-thumbnail-repunkd.png]
[gooberlicious.co.uk/files/3813/9178/9984/icon_email.png]
[gooberlicious.co.uk/files/7313/9178/9973/icon_mobile.png]
[gooberlicious.co.uk/index.html]
[gooberlicious.co.uk/index-2.html]
[gooberlicious.co.uk/updates/concrete5.6.2.1_updater/concrete/css/ccm.base717c.css]
[gooberlicious.co.uk/updates/concrete5.6.2.1_updater/concrete/js/jquery717c.js]
[gooberlicious.co.uk/updates/concrete5.6.2.1_updater/concrete/js/ccm.base717c.js]
[gooberlicious.co.uk/blocks/page_list/templates/portfolio/view717c.css]
[gooberlicious.co.uk/themes/gooberlicious/css/normalize.css]
[gooberlicious.co.uk/themes/gooberlicious/img/arrow1.png]
[gooberlicious.co.uk/themes/gooberlicious/img/arrow2.png]
[gooberlicious.co.uk/themes/gooberlicious/img/ipad.png]
[gooberlicious.co.uk/themes/gooberlicious/css/goo.css]
[gooberlicious.co.uk/themes/gooberlicious/css/goo_mobile.css]
[gooberlicious.co.uk/js/lightview/css/lightview/skins/blank.gif]
[gooberlicious.co.uk/js/lightview/css/lightview/skins/light/sprite.png]
[gooberlicious.co.uk/js/lightview/css/lightview/skins/light/sprite_ie_lt_7.png]
[gooberlicious.co.uk/js/lightview/css/lightview/skins/dark/sprite.png]
[gooberlicious.co.uk/js/lightview/css/lightview/skins/dark/sprite_ie_lt_7.png]
[gooberlicious.co.uk/js/lightview/css/lightview/skins/mac/sprite.png]
[gooberlicious.co.uk/js/lightview/css/lightview/lightview.css]
[gooberlicious.co.uk/js/lightview/css/lightview/skins/mac/sprite_ie_lt_7.png]
[gooberlicious.co.uk/elements/shooting_gallery/index.html]
[gooberlicious.co.uk/files/8014/9910/6270/amplified1.jpg]
[gooberlicious.co.uk/files/7314/9910/6270/amplified2.jpg]
[gooberlicious.co.uk/files/8314/9910/6270/amplified3.jpg]
[gooberlicious.co.uk/files/5714/9910/6271/amplified4.jpg]
[gooberlicious.co.uk/files/4014/9910/6271/amplified5.jpg]
[gooberlicious.co.uk/files/7114/9910/6272/amplified6.jpg]
[gooberlicious.co.uk/amplified/index.html]
[gooberlicious.co.uk/files/1414/9910/8903/geoff1.jpg]
[gooberlicious.co.uk/files/2314/9910/8903/geoff2.jpg]
[gooberlicious.co.uk/files/1514/9910/8905/geoff3.jpg]
[gooberlicious.co.uk/files/7514/9910/8906/geoff4.jpg]
[gooberlicious.co.uk/files/4914/9910/8907/geoff5.jpg]
[gooberlicious.co.uk/geoff-senior/index.html]
[gooberlicious.co.uk/files/3314/9910/8909/geoff6.jpg]
[gooberlicious.co.uk/files/1414/7748/9174/treehouse1.jpg]
[gooberlicious.co.uk/files/8514/7748/9175/treehouse2.jpg]
[gooberlicious.co.uk/files/2314/7748/9175/treehouse3.jpg]
[gooberlicious.co.uk/files/6014/7748/9176/treehouse4.jpg]
[gooberlicious.co.uk/files/5114/7748/9176/treehouse5.jpg]
[gooberlicious.co.uk/files/1214/7748/9178/treehouse6.jpg]
[gooberlicious.co.uk/treehouse24/index.html]
[gooberlicious.co.uk/files/4114/7792/5330/peacock2016_1.jpg]
[gooberlicious.co.uk/files/6414/7792/5331/peacock2016_2.jpg]
[gooberlicious.co.uk/files/5914/7792/5332/peacock2016_3.jpg]
[gooberlicious.co.uk/files/5914/7792/5333/peacock2016_4.jpg]
[gooberlicious.co.uk/files/1314/7792/5334/peacock2016_5.jpg]
[gooberlicious.co.uk/files/8814/7792/5335/peacock2016_6.jpg]
[gooberlicious.co.uk/files/4914/7792/5337/peacock2016_7.jpg]
[gooberlicious.co.uk/peacock-tree-ecology/index.html]
[gooberlicious.co.uk/files/5813/9748/7065/yahoomovie_banner.jpg]
[gooberlicious.co.uk/files/5413/9748/7065/yahoomovie_app.jpg]
[gooberlicious.co.uk/yahoo-movie-trailer-generator/index.html]
[gooberlicious.co.uk/files/1814/1053/2649/leonharrocks1.jpg]
[gooberlicious.co.uk/files/4614/1053/2649/leonharrocks2.jpg]
[gooberlicious.co.uk/files/2814/1053/2650/leonharrocks3.jpg]
[gooberlicious.co.uk/files/1614/1053/2651/leonharrocks4.jpg]
[gooberlicious.co.uk/files/4714/1053/2651/leonharrocks5.jpg]
[gooberlicious.co.uk/files/3314/1053/2652/leonharrocks6.jpg]
[gooberlicious.co.uk/leon-harrocks/index.html]
[gooberlicious.co.uk/files/9714/1053/1763/thumbnail_leonharrocks.jpg]
[gooberlicious.co.uk/files/7813/9202/5165/simonamstell1.jpg]
[gooberlicious.co.uk/files/3813/9202/5174/simonamstell2.jpg]
[gooberlicious.co.uk/simon-amstell/index.html]
[gooberlicious.co.uk/files/9813/9756/1329/mojo1.jpg]
[gooberlicious.co.uk/files/5713/9756/1330/mojo2.jpg]
[gooberlicious.co.uk/files/5413/9756/1331/mojo3.jpg]
[gooberlicious.co.uk/files/5813/9756/1331/mojo4.jpg]
[gooberlicious.co.uk/mojo-brand-development/index.html]
[gooberlicious.co.uk/files/9713/9756/1332/mojo5.jpg]
[gooberlicious.co.uk/files/1114/7749/2495/bayer1.jpg]
[gooberlicious.co.uk/files/6614/7749/2495/bayer2.jpg]
[gooberlicious.co.uk/bayer-crop-science/index.html]
[gooberlicious.co.uk/files/9913/9172/8103/redbox1.jpg]
[gooberlicious.co.uk/files/6613/9172/8639/redbox2.jpg]
[gooberlicious.co.uk/files/6814/1053/7951/redbox3.jpg]
[gooberlicious.co.uk/files/5014/1053/7952/redbox4.jpg]
[gooberlicious.co.uk/files/1514/1053/7953/redbox5.jpg]
[gooberlicious.co.uk/files/9514/1053/7954/redbox6.jpg]
[gooberlicious.co.uk/files/2614/1053/7955/redbox7.jpg]
[gooberlicious.co.uk/red-box-recorders/index.html]
[gooberlicious.co.uk/files/1913/9964/4083/eden1.jpg]
[gooberlicious.co.uk/files/9213/9964/4084/eden2.jpg]
[gooberlicious.co.uk/files/8713/9964/4084/eden3.jpg]
[gooberlicious.co.uk/eden-health-and-beauty-spa/index.html]
[gooberlicious.co.uk/files/6413/9964/6238/tigerwishing1.jpg]
[gooberlicious.co.uk/tiger-wishing-tree/index.html]
[gooberlicious.co.uk/files/1113/9964/6239/tigerwishing2.jpg]
[gooberlicious.co.uk/files/8013/9179/5529/brandculture1.jpg]
[gooberlicious.co.uk/files/3813/9179/5530/brandculture2.jpg]
[gooberlicious.co.uk/files/8514/1053/7009/brandculture3.jpg]
[gooberlicious.co.uk/files/3714/1053/7010/brandculture4.jpg]
[gooberlicious.co.uk/brand-culture/index.html]
[gooberlicious.co.uk/files/8614/1053/7010/brandculture5.jpg]
[gooberlicious.co.uk/files/1514/1053/6110/blissful1.jpg]
[gooberlicious.co.uk/files/3114/1053/6110/blissful2.jpg]
[gooberlicious.co.uk/files/1214/1053/6111/blissful3.jpg]
[gooberlicious.co.uk/files/1314/1053/6200/blissful4.jpg]
[gooberlicious.co.uk/blissful-childcare/index.html]
[gooberlicious.co.uk/repunkd/index.html]
[gooberlicious.co.uk/js/lightview/js/spinners/spinners.min.js]
[gooberlicious.co.uk/js/lightview/js/lightview/lightview.js]
[gooberlicious.co.uk/js/lightview/js/lightview/lightview-custom-skin.html]
[gooberlicious.co.uk/js/superscrollorama/js/jquery.superscrollorama.js]
[gooberlicious.co.uk/themes/gooberlicious/js/goo.js]
[gooberlicious.co.uk/elements/shooting_gallery/img/bg.jpg]
[gooberlicious.co.uk/elements/shooting_gallery/img/roof.png]
[gooberlicious.co.uk/elements/shooting_gallery/img/front-panel.jpg]
[gooberlicious.co.uk/elements/shooting_gallery/img/panel-1.png]
[gooberlicious.co.uk/elements/shooting_gallery/img/panel-2.png]
[gooberlicious.co.uk/elements/shooting_gallery/css/shooting_gallery.css]
[gooberlicious.co.uk/elements/shooting_gallery/css/normalize.css]
[gooberlicious.co.uk/elements/shooting_gallery/js/jquery-2.1.0.min.js]
[gooberlicious.co.uk/elements/shooting_gallery/js/jquery.transform2d.js]
[gooberlicious.co.uk/elements/shooting_gallery/js/greensock/TweenMax.min.js]
[gooberlicious.co.uk/elements/shooting_gallery/audio/ping.wav]
[gooberlicious.co.uk/elements/shooting_gallery/js/shooting_gallery.js]
[gooberlicious.co.uk/elements/shooting_gallery/audio/shot.wav]
[gooberlicious.co.uk/js/slider/button_next.png]
[gooberlicious.co.uk/js/slider/slider.css]
[gooberlicious.co.uk/js/slider/button_prev.png]
[gooberlicious.co.uk/js/slider/slider.js]
